access
algorithm
analysis
application
approach
approximation
architecture
area
automation
basis
category
characteristic
class
classification
community
component
computation
computer
computing
concept
content
context
control
data
database
datum
definition
description
design
development
device
distributed
domain
engine
engineering
environment
estimation
evaluation
execution
experiment
feature
framework
function
functionality
generation
graph
graphic
hardware
hierarchy
idea
implementation
index
information
integrated
integration
interaction
interface
interpretation
issue
knowledge
language
machine
management
measurement
mechanism
method
methodology
metric
model
modeling
modelling
module
multiparadigm
network
online
ontology
optimisation
owl
paper
pattern
performance
prediction
principle
probability
problem
procedure
process
processing
processor
program
programming
project
property
protocol
quality
rdf
reason
reasoning
representation
requirement
research
resource
result
retrieval
science
search
semantic
semantics
server
service
software
solution
source
sparql
specification
standard
standardisation
statistic
strategy
structure
study
support
synthesis
system
systems
task
technique
technology
theory
tool
type
usage
use
version
web
work
workbench
